GenServe 并发测试报告
==================================================
测试时间: 2025-07-03 15:54:14
总请求数: 18
成功请求: 18
失败请求: 0
成功率: 100.0%

平均响应时间: 38.01秒
最快响应时间: 29.61秒
最慢响应时间: 67.65秒

设备负载分布:
  0: 3 次 (16.7%)
  1: 2 次 (11.1%)
  2: 2 次 (11.1%)
  3: 1 次 (5.6%)
  4: 1 次 (5.6%)
  5: 3 次 (16.7%)
  6: 3 次 (16.7%)
  7: 3 次 (16.7%)
